// Jest Snapshot v1, https://goo.gl/fbAQLP

exports[`Signin snapshot testing 1`] = `
<div
  className="flex justify-center items-center h-full bg-secondary"
>
  <div
    className="w-full max-w-xs "
  >
    <form
      className="bg-white shadow-md rounded px-8 pt-6 pb-8 mb-4"
      onSubmit={[Function]}
    >
      <div
        className="mb-4"
      >
        <label
          className="block text-gray-700 text-sm font-bold mb-2"
          htmlFor="username"
        >
          Email
          <input
            className="shadow appearance-none border rounded w-full py-2 px-3 text-gray-700 leading-tight focus:outline-none focus:shadow-outline"
            id="username"
            onChange={[Function]}
            placeholder="Username"
            type="text"
            value="samrood@gmailexample22.com"
          />
        </label>
      </div>
      <div
        className="mb-6"
      >
        <label
          className="block text-gray-700 text-sm font-bold mb-2"
          htmlFor="password"
        >
          Password
          <input
            className="shadow appearance-none border rounded w-full py-2 px-3 text-gray-700 mb-3 leading-tight focus:outline-none focus:shadow-outline"
            id="password"
            onChange={[Function]}
            placeholder="******************"
            type="password"
            value="password"
          />
        </label>
      </div>
      <div
        className="flex items-center justify-around"
      >
        <input
          className="bg-green-300 hover:bg-primary text-white font-bold py-2 px-4 rounded focus:outline-none focus:shadow-outline"
          type="submit"
          value="Sign in"
        />
        <a
          className="bg-blue-300 hover:bg-primary text-white font-bold py-2 px-4 rounded focus:outline-none focus:shadow-outline"
          href="/signup"
          onClick={[Function]}
          value="Sign in"
        >
          Sign up ?
        </a>
      </div>
    </form>
  </div>
</div>
`;
