// Jest Snapshot v1, https://goo.gl/fbAQLP

exports[`Teachers snapshot testing 1`] = `
<button
  className="bg-yellow-500 p-2  top-0 w-full"
  disabled={true}
  type="button"
>
  <p
    className=" font-mono animate-pulse"
  >
    Loading
  </p>
</button>
`;
